// Jest Snapshot v1, https://goo.gl/fbAQLP

exports[`Table default 1`] = `
<div
  className="table-wrap"
>
  <div
    className="tables-container"
  >
    <table
      border="1"
      className="table"
    >
      <thead>
        <tr>
          <th>
            Date
          </th>
          <th>
            User ID
          </th>
          <th>
            User Type
          </th>
          <th>
            Type
          </th>
          <th>
            Amount
          </th>
        </tr>
      </thead>
      <tbody />
    </table>
    <table
      border="1"
      className="table"
    >
      <thead>
        <tr>
          <th>
            Fees
          </th>
        </tr>
      </thead>
      <tbody />
    </table>
  </div>
</div>
`;
